// Jest Snapshot v1, https://goo.gl/fbAQLP

exports[`ProductPage component WHEN the ProductPage component is render THEN should display ProductPage component 1`] = `
<ComponentWithLoadingIndicator
  isFetching={false}
  product={
    Object {
      "id": "MLA916044386",
      "price": Object {
        "amount": "123456",
        "currency": "ARS",
      },
      "thumbnail": "image.png",
      "title": "iPhone 11 64 Gb Blanco",
    }
  }
/>
`;
