// Jest Snapshot v1, https://goo.gl/fbAQLP

exports[`ProductPage component WHEN the Product component is render THEN should display Product component 1`] = `
<div>
  <div
    className="product-container"
  >
    <img
      alt="iPhone 11 64 Gb Blanco"
      className="product-image"
    />
    <div
      className="product-section"
    >
      <div
        className="product-condition"
      >
         - 
         vendidos
      </div>
      <h1
        className="product-title"
      >
        iPhone 11 64 Gb Blanco
      </h1>
      <div
        className="product-amount"
      >
        ARS 123,456.00
      </div>
      <div
        className="product-button"
      >
        Comprar
      </div>
    </div>
  </div>
  <h2
    className="product-description-title"
  >
    Descripcion del producto
  </h2>
  <div
    className="product-description"
  />
</div>
`;
