// Jest Snapshot v1, https://goo.gl/fbAQLP

exports[`ProductListPage component WHEN the ProductListPage component is render THEN should display ProductListPage component 1`] = `
<ComponentWithLoadingIndicator
  getProduct={[MockFunction]}
  isFetching={false}
  productList={
    Array [
      Object {
        "address": Object {
          "city_name": "Mar de la plata",
        },
        "id": "MLA916044386",
        "installments": Object {
          "currency_id": "ARS",
        },
        "price": Object {
          "amount": "123456",
          "currency": "ARS",
        },
        "title": "iPhone 11 64 Gb Blanco",
      },
    ]
  }
/>
`;
